host n23g0021.hpc.itc.rwth-aachen.de  mode bank  git 8f176d5  2026-09-02T21:42:10+02:00
Failed to import warp: No module named 'warp'
Failed to import mujoco_warp: No module named 'warp'
state
  PW   seed 301 collected 128 states
state
  PW   seed 302 collected 128 states
state
  PW   seed 303 collected 128 states
state
  PW   seed 304 collected 128 states
state
  PW   seed 305 collected 128 states
state
  PW   seed 306 collected 128 states
state
  PW   seed 307 collected 128 states
state
  PW   seed 308 collected 128 states
state
  WML  seed 301 collected 128 states
state
  WML  seed 302 collected 128 states
state
  WML  seed 303 collected 128 states
state
  WML  seed 304 collected 128 states
state
  WML  seed 305 collected 128 states
state
  WML  seed 306 collected 128 states
state
  WML  seed 307 collected 128 states
state
  WML  seed 308 collected 128 states
bank reports/artifacts/cd_bank_walker_corrected.npz  states 2048  eval 128  distinct 2048
sha256 8b2cb3180fd307612c9bcd8c3298302e3fbd860ac54f8890cf1849e70711e36b
8b2cb3180fd307612c9bcd8c3298302e3fbd860ac54f8890cf1849e70711e36b  reports/artifacts/cd_bank_walker_corrected.npz
done 2026-09-02T21:49:29+02:00
