host n23g0020.hpc.itc.rwth-aachen.de  commit 4665b08de73cf19ef438cfc9c4d9a1c976cf5dc5  2026-09-06T15:35:28+02:00
bank sha256 8adfeb0bf70bddcdbd64a84b972b4dbd62617c64e1c948589a7adc30cf64aa21  VERIFIED
bank 3072 states; halves 1536 PW-derived / 1536 WML-derived

==============================================================================
1. FROZEN RETURN SCALAR  score_window3 = mean of evals 18,19,20 of 21
==============================================================================
  seed |    PW_ent   PW_noent    WML_ent  WML_noent
   301 |   909.789    907.770    873.461    784.550
   302 |   898.474    889.141    894.779    777.205
   303 |   907.873    929.904    852.495    798.903
   304 |   910.980    832.328    886.399    710.224
   305 |   908.442    911.309    887.146    762.514
   306 |   909.285    883.104    925.694    717.011
   307 |   912.191    887.481    901.208    887.084
   308 |   915.031    917.315    881.020    646.534
  mean |   909.008    894.794    887.775    760.503

==============================================================================
3. PAIRED RETURN EFFECTS  (PW minus WML, positive = pathwise higher)
==============================================================================
  seed |  Delta_ent  Delta_noent
   301 |     36.328      123.220
   302 |      3.696      111.937
   303 |     55.379      131.001
   304 |     24.581      122.104
   305 |     21.296      148.795
   306 |    -16.409      166.093
   307 |     10.983        0.397
   308 |     34.011      270.780
  Delta_ent    paired median   +22.939  95% CI [   +3.696,   +36.328]  7/8 positive
  Delta_noent  paired median  +127.111  95% CI [ +111.937,  +166.093]  8/8 positive

==============================================================================
2. FIXED-BANK WIDTH AND SATURATION
==============================================================================
  Saturation: P(|a| > t) per ACTION COORDINATE, computed exactly from the
  pre-tanh Gaussian (not sampled), averaged over bank states and coordinates.
  State distribution: the frozen neutral bank. Thresholds t = 0.95, 0.99.

  cell        subset   | med sigma    mean      p95       max |  sat95   sat99
  PW_ent      full     |    0.4499     0.497    0.859       4.2 | 0.2242  0.0861
  PW_ent      pw_half  |    0.4550     0.510    0.876       4.2 | 0.2133  0.0742
  PW_ent      wml_half |    0.4537     0.485    0.843       2.6 | 0.2370  0.0978

  PW_noent    full     |    0.3375     0.701    1.923     202.0 | 0.5697  0.4134
  PW_noent    pw_half  |    0.3172     0.748    1.850     151.2 | 0.5781  0.4186
  PW_noent    wml_half |    0.3540     0.731    1.895      50.2 | 0.5507  0.3910

  WML_ent     full     |    2.0152     3.745   12.968     887.9 | 0.6332  0.5030
  WML_ent     pw_half  |    2.2139     4.422   15.569     868.9 | 0.6555  0.5295
  WML_ent     wml_half |    1.9063     3.340   10.421     175.1 | 0.6016  0.4638

  WML_noent   full     |    7.3096   318.358  463.064  456002.8 | 0.7895  0.7151
  WML_noent   pw_half  |    8.8018   259.097  559.871  295101.1 | 0.8226  0.7511
  WML_noent   wml_half |    6.4271   270.124  311.533  157096.5 | 0.7520  0.6736

==============================================================================
4. PAIRED WIDTH EFFECTS
==============================================================================
  RATIO CONVENTION: median over seeds of per-seed log ratios, exponentiated.
  (Not a mean of ratios.)

  full     log_ratio_ent    median log +1.5113 ->    4.533x   95% CI [3.255x, 5.987x]
  full     log_ratio_noent  median log +3.1334 ->   22.952x   95% CI [13.170x, 33.400x]

  pw_half  log_ratio_ent    median log +1.6050 ->    4.978x   95% CI [2.752x, 5.934x]
  pw_half  log_ratio_noent  median log +3.3764 ->   29.264x   95% CI [17.136x, 55.992x]

  wml_half log_ratio_ent    median log +1.4434 ->    4.235x   95% CI [3.104x, 6.026x]
  wml_half log_ratio_noent  median log +2.9642 ->   19.379x   95% CI [9.949x, 20.836x]

==============================================================================
5. FACTORIAL INTERACTIONS  (descriptive; no test was preregistered)
==============================================================================
  I_return = Delta_ent - Delta_noent
    point  -104.172   95% CI [ -153.597,   -86.892]
  I_width (full) = log_ratio_ent - log_ratio_noent
    point -1.6221 ->  0.197x   95% CI [0.104x, 0.385x]
  I_width (pw_half) = log_ratio_ent - log_ratio_noent
    point -1.7714 ->  0.170x   95% CI [0.072x, 0.321x]
  I_width (wml_half) = log_ratio_ent - log_ratio_noent
    point -1.5208 ->  0.219x   95% CI [0.152x, 0.479x]

  Four cell means, read the 2x2 directly:
  outcome            |    PW_ent   PW_noent    WML_ent  WML_noent
  score_window3      |   909.008    894.794    887.775    760.503
  bank median sigma  |    0.4548     0.3396     2.0576     8.6869
  sat95              |    0.2293     0.5605     0.6138     0.7861

==============================================================================
6. DIAGNOSTICS
==============================================================================
  alpha_kl is actor.lagrangian() (scripts/export_ckpt.py:204). The audit's
  lambda_eff is that same KL multiplier, so they are the SAME field.

  cell        | alpha_kl(final)      | gate fire | logged sigma | bank median | ratio | eta   ESS
  PW_ent      | 0.0120  [0.0101,0.0246] |   0.562   |      0.5297 |      0.4499 |  0.85 | 0.000  0.00
  PW_noent    | 0.0216  [0.0176,0.0321] |   0.589   |      0.2958 |      0.3375 |  1.14 | 0.000  0.00
  WML_ent     | 0.3776  [0.3092,0.4264] |   0.563   |      0.4779 |      2.0152 |  4.22 | 0.020 20.29
  WML_noent   | 0.3585  [0.2135,0.4329] |   0.563   |      2.9005 |      7.3096 |  2.52 | 0.037 20.04

==============================================================================
7. INTEGRITY
==============================================================================
  BASELINE_MANIFEST_MATCH   = PASS  (16/16)
  NEW_EXPORTS_COMPLETE      = PASS  (16/16)
  NEW_TAGS_NON_COLLIDING    = PASS  (4 distinct tags)

  wrote CSVs, JSON and figures under reports/artifacts/figs_entropy_factorial
rc=0  2026-09-06T15:36:13+02:00
