host w23g0003.hpc.itc.rwth-aachen.de  commit 5737be373a66ed48be737508f34a0ada75a66d7b  2026-09-05T04:36:06+02:00
Walker WML, 512 states, M=32, 8 independent candidate draws per seed
  seed  eps_E       eta       ESS    ESS/M     w_max      radial    rho_med   rho_mean     rho>1   rho_p95
  301   0.5     1.39289    23.910   0.7472    0.1470      5.9749     0.8623     0.8368    0.3258    1.3963
  301   0.1     7.95581    28.833   0.9010    0.0544      5.9661     0.9231     0.9405    0.3834    1.4093
  302   0.5     0.89531    24.640   0.7700    0.1471      6.0235     0.8787     0.8422    0.3363    1.3940
  302   0.1     5.83449    28.824   0.9008    0.0540      5.9980     0.9287     0.9461    0.3913    1.4128
  303   0.5     0.71195    25.343   0.7920    0.1581      6.0732     0.8783     0.8349    0.3396    1.3878
  303   0.1     6.77122    29.472   0.9210    0.0567      6.0049     0.9285     0.9426    0.3922    1.4090
  304   0.5     0.04622    22.894   0.7154    0.1689      6.0444     0.8650     0.8368    0.3254    1.4164
  304   0.1     1.09830    30.135   0.9417    0.0537      5.9850     0.9306     0.9421    0.3952    1.4120
  305   0.5     0.65051    24.861   0.7769    0.1545      5.9497     0.8754     0.8360    0.3354    1.3922
  305   0.1     7.14305    29.390   0.9184    0.0521      5.9583     0.9276     0.9420    0.3912    1.4106
  306   0.5     3.15069    22.734   0.7104    0.1380      6.0175     0.8597     0.8467    0.3221    1.4187
  306   0.1    10.00000    27.216   0.8505    0.0642      5.9820     0.9144     0.9325    0.3734    1.4215
  307   0.5     0.77476    24.498   0.7656    0.1547      6.0325     0.8704     0.8356    0.3307    1.3950
  307   0.1     4.80386    29.113   0.9098    0.0569      5.9531     0.9207     0.9382    0.3831    1.4072
  308   0.5     0.04465    20.332   0.6354    0.1585      6.0158     0.8407     0.8356    0.3037    1.4074
  308   0.1     0.35035    29.808   0.9315    0.0580      5.9804     0.9270     0.9407    0.3929    1.4001

=== across-seed means (d = 6, so unweighted E||u||^2 = 6) ===
  eps_E       eta       ESS    ESS/M     w_max      radial    rho_med   rho_mean     rho>1   rho_p95  1-1/ESS ref
  0.5     0.95837    23.651   0.7391    0.1534      6.0164     0.8663     0.8381    0.3274    1.4010       0.8797
  0.1     5.49464    29.099   0.9093    0.0562      5.9785     0.9251     0.9406    0.3878    1.4103       0.9570

  Delta rho (median)  = rho(0.1) - rho(0.5) = +0.05878
  Delta rho (mean)    = +0.10250
  Delta eta           = +4.53626  (x5.73)
  Delta ESS/M         = +0.1702
  Delta radial        = -0.0379  (unweighted reference 6)
  radial excess over unweighted: eps=0.5 +0.0164   eps=0.1 -0.0215
  rho vs finite-sample reference (1-1/ESS):  eps=0.5 -0.01336   eps=0.1 -0.03196

wrote reports/artifacts/walker_eps_counterfactual.json
done 2026-09-05T04:36:40+02:00
