host n23g0001.hpc.itc.rwth-aachen.de  commit 5737be373a66ed48be737508f34a0ada75a66d7b  2026-09-05T04:36:06+02:00
/rwthfs/rz/cluster/home/qzi10910/repos/reppo/.venv/lib/python3.12/site-packages/jax/_src/interpreters/xla.py:132: RuntimeWarning: overflow encountered in cast
  return np.asarray(x, dtypes.canonicalize_dtype(x.dtype))
Failed to import warp: No module named 'warp'
Failed to import mujoco_warp: No module named 'warp'

########## walker
  reusing bank reports/artifacts/walker_fixed_state_bank.npz
  BANK_PATH=reports/artifacts/walker_fixed_state_bank.npz
  BANK_SHA256=8adfeb0bf70bddcdbd64a84b972b4dbd62617c64e1c948589a7adc30cf64aa21
  NUM_STATES=3072  PW=1536  WML=1536
  DEPTH_DISTRIBUTION=50:512 150:512 300:512 500:512 700:512 900:512

  arm  seed      median         mean          p95           max |   P|a|>.95   P|a|>.99
  PW   301       0.4836       0.5196       0.9099           4.8 |    0.23132    0.08941
  PW   302       0.4484       0.4752       0.8209           2.0 |    0.20989    0.07327
  PW   303       0.4678       0.5166       0.8927          23.7 |    0.22551    0.08821
  PW   304       0.4472       0.4724       0.8271           2.2 |    0.22294    0.08404
  PW   305       0.4623       0.5386       0.8831          24.4 |    0.25298    0.10930
  PW   306       0.4515       0.4771       0.8357           3.6 |    0.21406    0.07156
  PW   307       0.4358       0.4656       0.8288           2.7 |    0.21645    0.07758
  PW   308       0.4422       0.5165       0.9548          11.5 |    0.26119    0.11634
  WML  301       5.8720      47.4903     135.7911       10511.3 |    0.77910    0.70004
  WML  302       9.7079     439.9064     691.8132     1625924.6 |    0.81059    0.73719
  WML  303       5.9475    1229.5477     444.6571     4270606.0 |    0.77473    0.69512
  WML  304       8.6717    8265.9756     582.6156    37527556.0 |    0.79991    0.73008
  WML  305      10.9482     196.8095     481.4700      178271.9 |    0.80932    0.74559
  WML  306       4.4509      43.9691     111.6114      102313.5 |    0.74162    0.65531
  WML  307       3.8256      51.6557     136.1171       28647.9 |    0.72937    0.63963
  WML  308      20.0715    1079.3249    2340.4311      733733.8 |    0.84397    0.79016

  paired: seed | PW med | WML med | ratio | dSat95 | dSat99
    301 |   0.4836 |    5.8720 |   12.1x | +0.54778 | +0.61063
    302 |   0.4484 |    9.7079 |   21.7x | +0.60070 | +0.66392
    303 |   0.4678 |    5.9475 |   12.7x | +0.54922 | +0.60691
    304 |   0.4472 |    8.6717 |   19.4x | +0.57697 | +0.64604
    305 |   0.4623 |   10.9482 |   23.7x | +0.55634 | +0.63629
    306 |   0.4515 |    4.4509 |    9.9x | +0.52756 | +0.58375
    307 |   0.4358 |    3.8256 |    8.8x | +0.51292 | +0.56205
    308 |   0.4422 |   20.0715 |   45.4x | +0.58278 | +0.67382

  WML_GT_PW_SEED_PAIRS = 8/8
  coordinates positive in 8/8 = 6 of 6
  coordinates positive in >=5/8 = 6 of 6
  median paired width ratio = 16.05x
  saturation P(|a|>0.95): WML > PW in 8/8 pairs

########## g1
state
    g1 PW s301
state
    g1 PW s302
state
    g1 PW s303
state
    g1 PW s304
state
    g1 PW s305
state
    g1 PW s306
state
    g1 PW s307
state
    g1 PW s308
state
    g1 WML s301
state
    g1 WML s302
state
    g1 WML s303
state
    g1 WML s304
state
    g1 WML s305
state
    g1 WML s306
state
    g1 WML s307
state
    g1 WML s308
  BANK_PATH=reports/artifacts/g1_fixed_state_bank.npz
  BANK_SHA256=cf6f7880b3a5b59433727f7a245b5ce97749096981f03233fd434ab3371935e9
  NUM_STATES=3072  PW=1536  WML=1536
  DEPTH_DISTRIBUTION=50:512 150:512 300:512 500:512 700:512 900:512

  arm  seed      median         mean          p95           max |   P|a|>.95   P|a|>.99
  PW   301       0.2854       0.3411       0.7483           4.0 |    0.15448    0.06275
  PW   302       0.2986       0.3416       0.7020           5.5 |    0.16607    0.06918
  PW   303       0.2770       0.3293       0.6983          11.9 |    0.14782    0.05745
  PW   304       0.3415       0.3971       0.8598           3.2 |    0.23257    0.10307
  PW   305       0.2937       0.3417       0.7263           6.7 |    0.16258    0.06983
  PW   306       0.3613       0.4124       0.8817           5.5 |    0.23638    0.10615
  PW   307       0.2839       0.3314       0.6975           7.6 |    0.15330    0.05843
  PW   308       0.2604       0.3118       0.6675           5.5 |    0.14541    0.05784
  WML  301       0.4799       1.0282       3.3383         323.6 |    0.33749    0.22173
  WML  302       0.4312       0.9813       3.2408         775.5 |    0.33339    0.21478
  WML  303       0.5866       0.9518       2.8813         122.3 |    0.37367    0.25680
  WML  304       0.6987       1.2509       3.8585         148.5 |    0.38894    0.26030
  WML  305       0.3867       0.8406       2.5846         414.3 |    0.34630    0.23566
  WML  306       1.0313       1.7083       5.2458          97.3 |    0.46940    0.33312
  WML  307       0.5139       0.9425       3.0182          85.5 |    0.35564    0.23735
  WML  308       0.4687       1.0028       3.3030         169.3 |    0.33025    0.21580

  paired: seed | PW med | WML med | ratio | dSat95 | dSat99
    301 |   0.2854 |    0.4799 |    1.7x | +0.18301 | +0.15897
    302 |   0.2986 |    0.4312 |    1.4x | +0.16731 | +0.14560
    303 |   0.2770 |    0.5866 |    2.1x | +0.22585 | +0.19936
    304 |   0.3415 |    0.6987 |    2.0x | +0.15638 | +0.15723
    305 |   0.2937 |    0.3867 |    1.3x | +0.18372 | +0.16582
    306 |   0.3613 |    1.0313 |    2.9x | +0.23302 | +0.22698
    307 |   0.2839 |    0.5139 |    1.8x | +0.20233 | +0.17892
    308 |   0.2604 |    0.4687 |    1.8x | +0.18485 | +0.15797

  WML_GT_PW_SEED_PAIRS = 8/8
  coordinates positive in 8/8 = 20 of 29
  coordinates positive in >=5/8 = 27 of 29
  median paired width ratio = 1.81x
  saturation P(|a|>0.95): WML > PW in 8/8 pairs

########## leap
state
    leap PW s301
state
    leap PW s302
state
    leap PW s303
state
    leap PW s304
state
    leap PW s305
state
    leap PW s306
state
    leap PW s307
state
    leap PW s308
state
    leap WML s301
state
    leap WML s302
state
    leap WML s303
state
    leap WML s304
state
    leap WML s305
state
    leap WML s306
state
    leap WML s307
state
    leap WML s308
  BANK_PATH=reports/artifacts/leap_fixed_state_bank.npz
  BANK_SHA256=0053b0f361e45b9227d15b982ff667a5fc665469dd54e673c70c0682bcb158b2
  NUM_STATES=3072  PW=1536  WML=1536
  DEPTH_DISTRIBUTION=50:512 100:512 200:512 300:512 400:512 480:512

  arm  seed      median         mean          p95           max |   P|a|>.95   P|a|>.99
  PW   301       0.5788       1.2207       4.1721         253.9 |    0.38621    0.23098
  PW   302       0.7423       2.0806       8.1732         279.7 |    0.40183    0.26697
  PW   303       0.6210       0.7941       1.9261          18.4 |    0.28493    0.15421
  PW   304       0.4187       0.6617       1.9112          18.5 |    0.27138    0.13669
  PW   305       0.4383       0.5935       1.4873          32.4 |    0.27610    0.12816
  PW   306       0.6512       0.9954       2.8123          44.3 |    0.35426    0.21042
  PW   307       0.6981       2.5211       4.2170        6399.7 |    0.33087    0.19660
  PW   308       0.4814       0.7700       2.1868          58.6 |    0.24068    0.11222
  WML  301       3.5693     482.8806     223.1210      577926.9 |    0.67820    0.57683
  WML  302       1.6071     113.2089      29.8303      532556.4 |    0.51747    0.39311
  WML  303       4.3326      63.3048     108.1945     1369983.4 |    0.68381    0.58573
  WML  304       2.8292      24.0086      89.9804       11909.9 |    0.59698    0.50232
  WML  305       7.2451      74.3010     211.3365       73853.0 |    0.75773    0.67276
  WML  306       1.4071       5.8844      20.7761         781.3 |    0.48519    0.35969
  WML  307       3.4085      39.8223     161.9765        9073.4 |    0.69497    0.60150
  WML  308       3.1741     995.3735     382.0473     3064495.0 |    0.68798    0.58783

  paired: seed | PW med | WML med | ratio | dSat95 | dSat99
    301 |   0.5788 |    3.5693 |    6.2x | +0.29199 | +0.34585
    302 |   0.7423 |    1.6071 |    2.2x | +0.11565 | +0.12613
    303 |   0.6210 |    4.3326 |    7.0x | +0.39888 | +0.43152
    304 |   0.4187 |    2.8292 |    6.8x | +0.32560 | +0.36562
    305 |   0.4383 |    7.2451 |   16.5x | +0.48163 | +0.54461
    306 |   0.6512 |    1.4071 |    2.2x | +0.13093 | +0.14927
    307 |   0.6981 |    3.4085 |    4.9x | +0.36411 | +0.40490
    308 |   0.4814 |    3.1741 |    6.6x | +0.44730 | +0.47561

  WML_GT_PW_SEED_PAIRS = 8/8
  coordinates positive in 8/8 = 10 of 16
  coordinates positive in >=5/8 = 16 of 16
  median paired width ratio = 6.38x
  saturation P(|a|>0.95): WML > PW in 8/8 pairs

wrote reports/artifacts/fixed_bank_width_saturation.json
done 2026-09-05T05:32:18+02:00
