host r23g0003.hpc.itc.rwth-aachen.de  commit 2cb7ab7636c8f742cee8c8f4d1888b403aadd486  2026-09-07T13:36:47+02:00
==========================================================================================================================
P2. SAME-STATE TEST — both policies on identical states, halves never averaged
==========================================================================================================================

########## walker
  cell       half      |   median     mean  med-log |     p75     p90     p95     p99       max |   sat95   sat99 |  med|mu|
  PW_ent     PW_half   |   0.4550    0.510   0.4550 |   0.580   0.768   0.876   1.136       4.2 |  0.2133  0.0742 |   0.9610
  WML_noent  PW_half   |   8.8018  259.097   8.8018 |  35.815 164.952 559.871 3339.734  295101.1 |  0.8226  0.7511 |   2.5822

  PW_ent     WML_half  |   0.4537    0.485   0.4537 |   0.585   0.726   0.843   1.133       2.6 |  0.2370  0.0978 |   0.9675
  WML_noent  WML_half  |   6.4271  270.124   6.4271 |  29.720 130.940 311.533 3073.239  157096.5 |  0.7520  0.6736 |   2.2409


########## g1
  cell       half      |   median     mean  med-log |     p75     p90     p95     p99       max |   sat95   sat99 |  med|mu|
  PW_ent     PW_half   |   0.2909    0.340   0.2909 |   0.496   0.626   0.700   0.884       3.5 |  0.1407  0.0542 |   0.6513
  WML_noent  PW_half   |   0.5159    0.952   0.5159 |   1.142   2.042   3.034   7.712     101.7 |  0.3591  0.2423 |   1.0810

  PW_ent     WML_half  |   0.2881    0.342   0.2881 |   0.493   0.640   0.735   1.017       5.4 |  0.1793  0.0757 |   0.7426
  WML_noent  WML_half  |   0.4993    1.013   0.4993 |   1.168   2.158   3.384   8.843     158.9 |  0.3462  0.2311 |   1.0102


########## leap
  cell       half      |   median     mean  med-log |     p75     p90     p95     p99       max |   sat95   sat99 |  med|mu|
  PW_ent     PW_half   |   0.5398    0.884   0.5398 |   0.929   1.711   2.512   6.187      51.4 |  0.3064  0.1694 |   1.0364
  WML_noent  PW_half   |   3.8881   44.208   3.8881 |  14.256  65.939 143.804 667.737   70357.1 |  0.7015  0.6016 |   1.4501

  PW_ent     WML_half  |   0.6579    0.991   0.6579 |   1.114   1.870   2.724   5.812      35.3 |  0.3280  0.1865 |   1.1070
  WML_noent  WML_half  |   2.7911   70.819   2.7911 |  11.904  49.222 131.285 913.081   41463.3 |  0.6366  0.5377 |   1.3910

==========================================================================================================================
PAIRED MATCHED-STATE RATIOS  sigma_WML / sigma_PW on identical states
  convention: median over seeds of per-seed log ratios, exponentiated
==========================================================================================================================
  walker  r_PWstates     17.928x | per seed 13.192 33.533 11.393 24.055 34.973 13.361 10.724 54.747
  walker  r_WMLstates    14.615x | per seed 11.117 14.482 14.814 14.749 15.113  6.678  7.140 37.619
  walker   both halves agree in sign (> 1): YES

  g1      r_PWstates      1.836x | per seed  1.604  1.658  2.200  2.192  1.317  2.783  1.898  1.776
  g1      r_WMLstates     1.794x | per seed  1.768  1.262  2.044  1.889  1.314  2.935  1.727  1.822
  g1       both halves agree in sign (> 1): YES

  leap    r_PWstates      8.127x | per seed  8.227  2.098 10.155 10.226 18.224  2.564  4.886  8.028
  leap    r_WMLstates     4.767x | per seed  4.776  2.150  4.778  4.514 14.887  1.770  4.759  5.272
  leap     both halves agree in sign (> 1): YES

==========================================================================================================================
SEED SPLIT — same-seed states versus the other seven seeds, within each half
==========================================================================================================================
  task    cell       half      |  same-seed other-seed   ratio | n_same n_other
  walker  PW_ent     PW_half   |     0.4783     0.4512    0.94 |    192   1344
  walker  PW_ent     WML_half  |     0.4490     0.4560    1.02 |    192   1344
  walker  WML_noent  PW_half   |     7.3024     9.2986    1.27 |    192   1344
  walker  WML_noent  WML_half  |     0.2182     9.1164   41.77 |    192   1344

  g1      PW_ent     PW_half   |     0.2695     0.2937    1.09 |    192   1344
  g1      PW_ent     WML_half  |     0.2669     0.2919    1.09 |    192   1344
  g1      WML_noent  PW_half   |     0.3598     0.5469    1.52 |    192   1344
  g1      WML_noent  WML_half  |     0.1759     0.5922    3.37 |    192   1344

  leap    PW_ent     PW_half   |     0.2242     0.5986    2.67 |    192   1344
  leap    PW_ent     WML_half  |     0.5073     0.6549    1.29 |    192   1344
  leap    WML_noent  PW_half   |     3.5297     3.9152    1.11 |    192   1344
  leap    WML_noent  WML_half  |     0.1225     3.8847   31.72 |    192   1344

  wrote same_state_test.csv, same_state_seedsplit.csv, same_state_test.json
rc=0  2026-09-07T13:37:36+02:00
